# serializer version: 1
# name: test_index_and_search
  list([
    Entry { term: "run", see_also: None, etymologies: [Etymology { id: None, pronunciation: None, description: Some("Latin root"), senses: [("n", Sense { pos: "n", definitions: [Left(Definition { id: None, value: "(vertebrates) To move swiftly", examples: [Example { value: "The dog runs after the cat." }, Example { value: "The horse ran away." }], notes: [] }), Left(Definition { id: None, value: "Act or instance of hurrying (to or from a place) (not necessarily by foot); dash or errand, trip.", examples: [], notes: [] }), Left(Definition { id: None, value: "A pleasure trip.", examples: [], notes: [] }), Left(Definition { id: None, value: "Flight, instance or period of fleeing.", examples: [], notes: [] }), Left(Definition { id: None, value: "Migration (of fish).", examples: [], notes: [] }), Left(Definition { id: None, value: "A group of fish that migrate, or ascend a river for the purpose of spawning.", examples: [], notes: [] })] }), ("v", Sense { pos: "v", definitions: [Right(Group { id: None, description: "A number of verb senses", definitions: [Definition { id: None, value: "(vertebrates) To move swiftly (figuratively)", examples: [Example { value: "The dog runs after the cat." }, Example { value: "The horse ran away." }], notes: [] }, Definition { id: None, value: "(fluids) To flow.", examples: [], notes: [] }, Definition { id: None, value: "(nautical, of a vessel) To sail before the wind, in distinction from reaching or sailing close-hauled.", examples: [], notes: [] }, Definition { id: None, value: "(social) To carry out an activity.", examples: [], notes: [] }, Definition { id: None, value: "To extend or persist, statically or dynamically, through space or time.", examples: [], notes: [] }, Definition { id: None, value: "(transitive) To execute or carry out a plan, procedure or program.", examples: [], notes: [] }] })] })] }] },
  ])
# ---
# name: test_lookup
  list([
    list([
      Entry { term: "cat", see_also: None, etymologies: [Etymology { id: None, pronunciation: None, description: Some("Latin root"), senses: [("n", Sense { pos: "n", definitions: [Left(Definition { id: None, value: "a cat", examples: [Example { value: "There goes a cat!" }], notes: [Note { id: None, value: "Some definition note", examples: [Example { value: "Some example" }] }] })] })] }] },
    ]),
  ])
# ---
# name: test_lookup_with_split
  list([
    list([
      Entry { term: "cat", see_also: None, etymologies: [Etymology { id: None, pronunciation: None, description: Some("Latin root"), senses: [("n", Sense { pos: "n", definitions: [Left(Definition { id: None, value: "a cat", examples: [Example { value: "There goes a cat!" }], notes: [Note { id: None, value: "Some definition note", examples: [Example { value: "Some example" }] }] })] })] }] },
      Entry { term: "dog", see_also: None, etymologies: [Etymology { id: None, pronunciation: Some("dooooog"), description: Some("Latin root"), senses: [("un", Sense { pos: "un", definitions: [Left(Definition { id: None, value: "a dog", examples: [], notes: [] })] })] }] },
    ]),
  ])
# ---
# name: test_split_terms
  list([
    Entry { term: "cat", see_also: None, etymologies: [Etymology { id: None, pronunciation: None, description: Some("Latin root"), senses: [("n", Sense { pos: "n", definitions: [Left(Definition { id: None, value: "a cat", examples: [Example { value: "There goes a cat!" }], notes: [Note { id: None, value: "Some definition note", examples: [Example { value: "Some example" }] }] })] })] }] },
    Entry { term: "dog", see_also: None, etymologies: [Etymology { id: None, pronunciation: Some("dooooog"), description: Some("Latin root"), senses: [("un", Sense { pos: "un", definitions: [Left(Definition { id: None, value: "a dog", examples: [], notes: [] })] })] }] },
  ])
# ---
